<area shape="rect" id="node3" href="$assoc_8h.html#4972dca83569e1f192b193facb64a02f" title="assoc_find" alt="" coords="107,161,197,191">
<area shape="rect" id="node5" href="$assoc_8h.html#110a5dc654c262b51a77cc8716676223" title="assoc_insert" alt="" coords="279,108,383,137">
<area shape="rect" id="node24" href="$items_8h.html#cee9fa57d05e04e8965f3e19dc0a472c" title="wrapper around assoc_find which does the lazy expiration logic" alt="" coords="277,161,384,191">
<area shape="rect" id="node29" href="$items_8h.html#8c5a6c6bfdfe2ed3514170cc836be7a9" title="returns an item whether or not it&#39;s expired." alt="" coords="245,215,416,244">
<area shape="rect" id="node7" href="$items_8h.html#aac564a623aaea767ddbfd0dd07ced15" title="do_item_link" alt="" coords="464,83,568,112">
<area shape="rect" id="node9" href="$items_8h.html#cd5e21c19f9875e0d6a74943f90b6cc8" title="update LRU time to current and reposition" alt="" coords="616,5,749,35">
<area shape="rect" id="node17" href="$memcached_8h.html#c2e150055051a36e29e8215f5bc35fca" title="do_store_item" alt="" coords="957,59,1077,88">
<area shape="rect" id="node22" href="$thread_8c.html#7fc0055d9dba8a3a14d2189e95acf844" title="item_link" alt="" coords="643,109,723,139">
<area shape="rect" id="node11" href="$thread_8c.html#32cd7e1744d2214e26f0ac267403314e" title="item_replace" alt="" coords="799,5,908,35">
<area shape="rect" id="node13" href="$memcached_8h.html#72e74041ab741435d161a044d23d0bef" title="do_add_delta" alt="" coords="963,5,1072,35">
<area shape="rect" id="node15" href="$thread_8c.html#4b4951c73b23897aee5843fb7306e764" title="add_delta" alt="" coords="1129,5,1217,35">
<area shape="rect" id="node19" href="$thread_8c.html#c97ce2cadaeb4fe6524c0df01828c232" title="store_item" alt="" coords="1125,59,1221,88">
<area shape="rect" id="node27" href="$thread_8c.html#1ff584f7053e4a5c8f2cffc7186a12aa" title="item_get" alt="" coords="475,213,557,243">
