<area shape="rect" id="node3" href="$memcached_8h.html#72e74041ab741435d161a044d23d0bef" title="do_add_delta" alt="" coords="645,5,755,35">
<area shape="rect" id="node7" href="$items_8h.html#aac564a623aaea767ddbfd0dd07ced15" title="do_item_link" alt="" coords="147,71,251,100">
<area shape="rect" id="node5" href="$thread_8c.html#4b4951c73b23897aee5843fb7306e764" title="add_delta" alt="" coords="812,5,900,35">
<area shape="rect" id="node9" href="$items_8h.html#cd5e21c19f9875e0d6a74943f90b6cc8" title="update LRU time to current and reposition" alt="" coords="299,44,432,73">
<area shape="rect" id="node14" href="$memcached_8h.html#c2e150055051a36e29e8215f5bc35fca" title="do_store_item" alt="" coords="640,71,760,100">
<area shape="rect" id="node19" href="$thread_8c.html#7fc0055d9dba8a3a14d2189e95acf844" title="item_link" alt="" coords="325,148,405,177">
<area shape="rect" id="node11" href="$thread_8c.html#32cd7e1744d2214e26f0ac267403314e" title="item_replace" alt="" coords="481,44,591,73">
<area shape="rect" id="node16" href="$thread_8c.html#c97ce2cadaeb4fe6524c0df01828c232" title="store_item" alt="" coords="808,71,904,100">
