<area shape="rect" id="node3" href="$memcached_8h.html" title="The main memcached header holding commonly used data structures and function prototypes..." alt="" coords="673,83,791,112">
<area shape="rect" id="node23" href="$protocol__binary_8h.html" title="protocol_binary.h" alt="" coords="1589,160,1723,189">
<area shape="rect" id="node26" href="$stats_8h.html" title="stats.h" alt="" coords="416,160,485,189">
<area shape="rect" id="node28" href="$slabs_8h.html" title="slabs.h" alt="" coords="509,160,576,189">
<area shape="rect" id="node30" href="$assoc_8h.html" title="assoc.h" alt="" coords="600,160,672,189">
<area shape="rect" id="node32" href="$items_8h.html" title="items.h" alt="" coords="696,160,768,189">
<area shape="rect" id="node34" href="$trace_8h.html" title="trace.h" alt="" coords="792,160,861,189">
<area shape="rect" id="node36" href="$hash_8h.html" title="hash.h" alt="" coords="885,160,949,189">
<area shape="rect" id="node38" href="$util_8h.html" title="util.h" alt="" coords="973,160,1027,189">
