<area shape="rect" id="node3" href="$items_8c.html#5b94ba56566ec70ae2a1906e1b6b14ae" title="do_item_alloc" alt="" coords="368,127,480,156">
<area shape="rect" id="node23" href="$items_8c.html#cee9fa57d05e04e8965f3e19dc0a472c" title="wrapper around assoc_find which does the lazy expiration logic" alt="" coords="371,233,477,263">
<area shape="rect" id="node30" href="$items_8c.html#aac564a623aaea767ddbfd0dd07ced15" title="do_item_link" alt="" coords="547,285,651,315">
<area shape="rect" id="node40" href="$items_8c.html#81d7ffedc021b4a576d5712b7cea34a7" title="do_item_remove" alt="" coords="173,23,309,52">
<area shape="rect" id="node43" href="$items_8c.html#4fc546770369a633debd89e0b9b19d3d" title="do_item_update" alt="" coords="176,337,307,367">
<area shape="rect" id="node45" href="$memcached_8h.html#2920cc5a90ae6ca85b3dd4b786ac355e" title="item_replace" alt="" coords="187,181,296,211">
<area shape="rect" id="node5" href="$items_8c.html#8068353af89272b21fbf0bd88d34118b" title="may fail if transgresses limits" alt="" coords="539,180,659,209">
<area shape="rect" id="node13" href="$memcached_8h.html#841571aaa5b597a35565f8e12d164a59" title="STATS_LOCK" alt="" coords="717,232,821,261">
<area shape="rect" id="node15" href="$memcached_8h.html#255149a6925c7daf8dbee2d867a36056" title="STATS_UNLOCK" alt="" coords="708,125,831,155">
<area shape="rect" id="node17" href="$slabs_8c.html#f71fcc67d3024b6d57945de6215fa421" title="Allocate object of given length." alt="" coords="553,23,644,52">
<area shape="rect" id="node19" href="$slabs_8c.html#89e035684df4bb1ef8b0852cb2c20f00" title="Given object size, return id to use when allocating/freeing memory for object 0 means..." alt="" coords="553,76,644,105">
<area shape="rect" id="node7" href="$assoc_8c.html#d2a245870a21e6edd5a7ad482f9dca5c" title="assoc_delete" alt="" coords="713,179,825,208">
<area shape="rect" id="node9" href="$items_8c.html#5305dd637fb32e9a99b97326de1429eb" title="item_free" alt="" coords="725,21,813,51">
<area shape="rect" id="node11" href="$slabs_8c.html#870e49205e3adc320d078b03d8ea3b23" title="Free previously allocated object." alt="" coords="881,21,969,51">
<area shape="rect" id="node25" href="$assoc_8c.html#4972dca83569e1f192b193facb64a02f" title="assoc_find" alt="" coords="880,337,971,367">
<area shape="rect" id="node27" href="$hash_8h.html#1c12edaae63f2e86a5b276a18475f863" title="hash" alt="" coords="1020,312,1071,341">
<area shape="rect" id="node32" href="$assoc_8c.html#94c9da94d37601ba417f1f8a401dfc01" title="assoc_insert" alt="" coords="717,285,821,315">
<area shape="rect" id="node36" href="$items_8c.html#62b7c83e5bdd71713688f70199319902" title="get_cas_id" alt="" coords="723,339,816,368">
<area shape="rect" id="node47" href="$items_8c.html#cd5e21c19f9875e0d6a74943f90b6cc8" title="update LRU time to current and reposition" alt="" coords="357,180,491,209">
