<area shape="rect" id="node3" href="$items_8c.html#5b94ba56566ec70ae2a1906e1b6b14ae" title="do_item_alloc" alt="" coords="145,164,257,193">
<area shape="rect" id="node5" href="$items_8c.html#8068353af89272b21fbf0bd88d34118b" title="may fail if transgresses limits" alt="" coords="307,61,427,91">
<area shape="rect" id="node13" href="$memcached_8h.html#841571aaa5b597a35565f8e12d164a59" title="STATS_LOCK" alt="" coords="485,112,589,141">
<area shape="rect" id="node15" href="$memcached_8h.html#255149a6925c7daf8dbee2d867a36056" title="STATS_UNLOCK" alt="" coords="476,165,599,195">
<area shape="rect" id="node17" href="$slabs_8c.html#f71fcc67d3024b6d57945de6215fa421" title="Allocate object of given length." alt="" coords="321,216,412,245">
<area shape="rect" id="node19" href="$slabs_8c.html#89e035684df4bb1ef8b0852cb2c20f00" title="Given object size, return id to use when allocating/freeing memory for object 0 means..." alt="" coords="321,269,412,299">
<area shape="rect" id="node7" href="$assoc_8c.html#d2a245870a21e6edd5a7ad482f9dca5c" title="assoc_delete" alt="" coords="481,5,593,35">
<area shape="rect" id="node9" href="$items_8c.html#5305dd637fb32e9a99b97326de1429eb" title="item_free" alt="" coords="493,59,581,88">
<area shape="rect" id="node11" href="$slabs_8c.html#870e49205e3adc320d078b03d8ea3b23" title="Free previously allocated object." alt="" coords="649,59,737,88">
