<area shape="rect" id="node3" href="$assoc_8c.html" title="assoc.c" alt="" coords="5,83,77,112">
<area shape="rect" id="node5" href="$daemon_8c.html" title="daemon.c" alt="" coords="101,83,189,112">
<area shape="rect" id="node7" href="$globals_8c.html" title="globals.c" alt="" coords="213,83,291,112">
<area shape="rect" id="node9" href="$hash_8c.html" title="hash.c" alt="" coords="315,83,379,112">
<area shape="rect" id="node11" href="$items_8c.html" title="items.c" alt="" coords="403,83,475,112">
<area shape="rect" id="node13" href="$memcached_8c.html" title="memcached.c" alt="" coords="499,83,616,112">
<area shape="rect" id="node15" href="$sizes_8c.html" title="sizes.c" alt="" coords="640,83,707,112">
<area shape="rect" id="node17" href="$slabs_8c.html" title="slabs.c" alt="" coords="731,83,797,112">
<area shape="rect" id="node19" href="$stats_8c.html" title="stats.c" alt="" coords="821,83,891,112">
<area shape="rect" id="node21" href="$thread_8c.html" title="thread.c" alt="" coords="915,83,992,112">
<area shape="rect" id="node23" href="$util_8c.html" title="util.c" alt="" coords="1016,83,1069,112">
