<area shape="rect" id="node5" href="$memcached_8h.html" title="The main memcached header holding commonly used data structures and function prototypes..." alt="" coords="829,83,947,112">
<area shape="rect" id="node25" href="$protocol__binary_8h.html" title="protocol_binary.h" alt="" coords="955,160,1088,189">
<area shape="rect" id="node28" href="$stats_8h.html" title="stats.h" alt="" coords="1112,160,1181,189">
<area shape="rect" id="node30" href="$slabs_8h.html" title="slabs.h" alt="" coords="1205,160,1272,189">
<area shape="rect" id="node32" href="$assoc_8h.html" title="assoc.h" alt="" coords="1296,160,1368,189">
<area shape="rect" id="node34" href="$items_8h.html" title="items.h" alt="" coords="1392,160,1464,189">
<area shape="rect" id="node36" href="$trace_8h.html" title="trace.h" alt="" coords="1488,160,1557,189">
<area shape="rect" id="node38" href="$hash_8h.html" title="hash.h" alt="" coords="1581,160,1645,189">
<area shape="rect" id="node40" href="$util_8h.html" title="util.h" alt="" coords="1669,160,1723,189">
