<area shape="rect" id="node3" href="$memcached_8h.html" title="The main memcached header holding commonly used data structures and function prototypes..." alt="" coords="905,83,1023,112">
<area shape="rect" id="node23" href="$protocol__binary_8h.html" title="protocol_binary.h" alt="" coords="845,160,979,189">
<area shape="rect" id="node26" href="$cache_8h.html" title="cache.h" alt="" coords="1053,160,1128,189">
<area shape="rect" id="node29" href="$stats_8h.html" title="stats.h" alt="" coords="1152,160,1221,189">
<area shape="rect" id="node31" href="$slabs_8h.html" title="slabs.h" alt="" coords="1245,160,1312,189">
<area shape="rect" id="node33" href="$assoc_8h.html" title="assoc.h" alt="" coords="1336,160,1408,189">
<area shape="rect" id="node35" href="$items_8h.html" title="items.h" alt="" coords="1432,160,1504,189">
<area shape="rect" id="node37" href="$trace_8h.html" title="trace.h" alt="" coords="1528,160,1597,189">
<area shape="rect" id="node39" href="$hash_8h.html" title="hash.h" alt="" coords="1621,160,1685,189">
<area shape="rect" id="node41" href="$util_8h.html" title="util.h" alt="" coords="1709,160,1763,189">
