<area shape="rect" id="node2" href="$unionprotocol__binary__request__header.html" title="Definition of the header structure for a request packet." alt="" coords="5,224,243,253">
<area shape="rect" id="node4" href="$struct__stritem.html" title="Structure for storing items within memcached." alt="" coords="267,224,347,253">
<area shape="rect" id="node7" href="$struct_l_i_b_e_v_e_n_t___t_h_r_e_a_d.html" title="LIBEVENT_THREAD" alt="" coords="441,224,593,253">
<area shape="rect" id="node9" href="$structthread__stats.html" title="Stats stored per&#45;thread." alt="" coords="347,117,456,147">
<area shape="rect" id="node11" href="$structslab__stats.html" title="Stats stored per slab (and per thread)." alt="" coords="356,5,447,35">
<area shape="rect" id="node13" href="$structcache__t.html" title="Definition of the structure to keep track of the internal details of the cache allocator..." alt="" coords="480,117,555,147">
<area shape="rect" id="node15" href="$structconn__queue.html" title="conn_queue" alt="" coords="581,117,683,147">
<area shape="rect" id="node17" href="$structconn__queue__item.html" title="conn_queue_item" alt="" coords="561,5,703,35">
