<area shape="rect" id="node3" href="$memcached_8h.html" title="The main memcached header holding commonly used data structures and function prototypes..." alt="" coords="916,83,1033,112">
<area shape="rect" id="node23" href="$protocol__binary_8h.html" title="protocol_binary.h" alt="" coords="845,160,979,189">
<area shape="rect" id="node26" href="$stats_8h.html" title="stats.h" alt="" coords="1003,160,1072,189">
<area shape="rect" id="node28" href="$slabs_8h.html" title="slabs.h" alt="" coords="1096,160,1163,189">
<area shape="rect" id="node30" href="$assoc_8h.html" title="assoc.h" alt="" coords="1187,160,1259,189">
<area shape="rect" id="node32" href="$items_8h.html" title="items.h" alt="" coords="1283,160,1355,189">
<area shape="rect" id="node34" href="$trace_8h.html" title="trace.h" alt="" coords="1379,160,1448,189">
<area shape="rect" id="node36" href="$hash_8h.html" title="hash.h" alt="" coords="1472,160,1536,189">
<area shape="rect" id="node38" href="$util_8h.html" title="util.h" alt="" coords="1560,160,1613,189">
