<area shape="rect" id="node3" href="$memcached_8h.html" title="memcached.h" alt="" coords="591,83,708,112">
<area shape="rect" id="node5" href="$assoc_8c.html" title="assoc.c" alt="" coords="5,160,77,189">
<area shape="rect" id="node7" href="$daemon_8c.html" title="daemon.c" alt="" coords="101,160,189,189">
<area shape="rect" id="node9" href="$globals_8c.html" title="globals.c" alt="" coords="213,160,291,189">
<area shape="rect" id="node11" href="$hash_8c.html" title="hash.c" alt="" coords="315,160,379,189">
<area shape="rect" id="node13" href="$internal__tests_8c.html" title="internal_tests.c" alt="" coords="403,160,531,189">
<area shape="rect" id="node15" href="$items_8c.html" title="items.c" alt="" coords="555,160,627,189">
<area shape="rect" id="node17" href="$memcached_8c.html" title="memcached.c" alt="" coords="651,160,768,189">
<area shape="rect" id="node19" href="$sizes_8c.html" title="sizes.c" alt="" coords="792,160,859,189">
<area shape="rect" id="node21" href="$slabs_8c.html" title="slabs.c" alt="" coords="883,160,949,189">
<area shape="rect" id="node23" href="$stats_8c.html" title="stats.c" alt="" coords="973,160,1043,189">
<area shape="rect" id="node25" href="$thread_8c.html" title="thread.c" alt="" coords="1067,160,1144,189">
<area shape="rect" id="node27" href="$util_8c.html" title="util.c" alt="" coords="1168,160,1221,189">
